109.254.53.67 - - [29/Sep/2019:12:19:54 +0000] "GET /image/cache/catalog/TAB_TP/1227/IMG_20190911_104201-255x220.jpg HTTP/1.1" 200 6325 "https://srv0.pp.ua/" "Mozilla/5.0 (Windows NT 6.1; Win64; x64) AppleWebKit/537.36 (KHTML, like Gecko) Chrome/76.0.3809.132 Safari/537.36"
109.254.53.67 - - [29/Sep/2019:12:19:54 +0000] "GET /image/cache/catalog/TAB_TP/1223/IMG_20190911_104131-255x220.jpg HTTP/1.1" 200 7674 "https://srv0.pp.ua/" "Mozilla/5.0 (Windows NT 6.1; Win64; x64) AppleWebKit/537.36 (KHTML, like Gecko) Chrome/76.0.3809.132 Safari/537.36"
109.254.53.67 - - [29/Sep/2019:12:19:54 +0000] "GET /image/cache/catalog/TAB_TP/1223/IMG_20190911_104137-255x220.jpg HTTP/1.1" 200 7018 "https://srv0.pp.ua/" "Mozilla/5.0 (Windows NT 6.1; Win64; x64) AppleWebKit/537.36 (KHTML, like Gecko) Chrome/76.0.3809.132 Safari/537.36"
109.254.53.67 - - [29/Sep/2019:12:19:55 +0000] "GET / HTTP/1.1" 499 0 "https://srv0.pp.ua/" "Mozilla/5.0 (Windows NT 6.1; Win64; x64) AppleWebKit/537.36 (KHTML, like Gecko) Chrome/76.0.3809.132 Safari/537.36"
109.254.53.67 - - [29/Sep/2019:12:19:55 +0000] "GET /image/catalog/n1gsm_logo.png HTTP/1.1" 200 10191 "https://srv0.pp.ua/" "Mozilla/5.0 (Windows NT 6.1; Win64; x64) AppleWebKit/537.36 (KHTML, like Gecko) Chrome/76.0.3809.132 Safari/537.36"
109.254.53.67 - - [29/Sep/2019:12:20:01 +0000] "GET /tachskryn-pn-kingvina-pg806/655647/ HTTP/1.1" 200 34533 "https://srv0.pp.ua/" "Mozilla/5.0 (Windows NT 6.1; Win64; x64) AppleWebKit/537.36 (KHTML, like Gecko) Chrome/76.0.3809.132 Safari/537.36"
109.254.53.67 - - [29/Sep/2019:12:20:02 +0000] "GET /catalog/view/javascript/font-awesome/css/font-awesome.min.css HTTP/1.1" 200 26711 "https://srv0.pp.ua/tachskryn-pn-kingvina-pg806/655647/" "Mozilla/5.0 (Windows NT 6.1; Win64; x64) AppleWebKit/537.36 (KHTML, like Gecko) Chrome/76.0.3809.132 Safari/537.36"
109.254.53.67 - - [29/Sep/2019:12:20:02 +0000] "GET /catalog/view/javascript/bootstrap/css/bootstrap.min.css HTTP/1.1" 200 122540 "https://srv0.pp.ua/tachskryn-pn-kingvina-pg806/655647/" "Mozilla/5.0 (Windows NT 6.1; Win64; x64) AppleWebKit/537.36 (KHTML, like Gecko) Chrome/76.0.3809.132 Safari/537.36"
109.254.53.67 - - [29/Sep/2019:12:20:02 +0000] "GET /catalog/view/theme/theme726/js/owl.carousel/assets/owl.carousel.css HTTP/1.1" 200 3734 "https://srv0.pp.ua/tachskryn-pn-kingvina-pg806/655647/" "Mozilla/5.0 (Windows NT 6.1; Win64; x64) AppleWebKit/537.36 (KHTML, like Gecko) Chrome/76.0.3809.132 Safari/537.36"
109.254.53.67 - - [29/Sep/2019:12:20:02 +0000] "GET /catalog/view/theme/theme726/stylesheet/fonts.css HTTP/1.1" 200 4885 "https://srv0.pp.ua/tachskryn-pn-kingvina-pg806/655647/" "Mozilla/5.0 (Windows NT 6.1; Win64; x64) AppleWebKit/537.36 (KHTML, like Gecko) Chrome/76.0.3809.132 Safari/537.36"
109.254.53.67 - - [29/Sep/2019:12:20:02 +0000] "GET /catalog/view/theme/theme726/stylesheet/material-design.css HTTP/1.1" 200 24423 "https://srv0.pp.ua/tachskryn-pn-kingvina-pg806/655647/" "Mozilla/5.0 (Windows NT 6.1; Win64; x64) AppleWebKit/537.36 (KHTML, like Gecko) Chrome/76.0.3809.132 Safari/537.36"
109.254.53.67 - - [29/Sep/2019:12:20:02 +0000] "GET /catalog/view/theme/theme726/stylesheet/fl-outicons.css HTTP/1.1" 200 6014 "https://srv0.pp.ua/tachskryn-pn-kingvina-pg806/655647/" "Mozilla/5.0 (Windows NT 6.1; Win64; x64) AppleWebKit/537.36 (KHTML, like Gecko) Chrome/76.0.3809.132 Safari/537.36"
109.254.53.67 - - [29/Sep/2019:12:20:02 +0000] "GET /catalog/view/theme/theme726/stylesheet/thin.css HTTP/1.1" 200 6020 "https://srv0.pp.ua/tachskryn-pn-kingvina-pg806/655647/" "Mozilla/5.0 (Windows NT 6.1; Win64; x64) AppleWebKit/537.36 (KHTML, like Gecko) Chrome/76.0.3809.132 Safari/537.36"
109.254.53.67 - - [29/Sep/2019:12:20:02 +0000] "GET /catalog/view/theme/theme726/stylesheet/loading/loading.css HTTP/1.1" 200 186158 "https://srv0.pp.ua/tachskryn-pn-kingvina-pg806/655647/" "Mozilla/5.0 (Windows NT 6.1; Win64; x64) AppleWebKit/537.36 (KHTML, like Gecko) Chrome/76.0.3809.132 Safari/537.36"
109.254.53.67 - - [29/Sep/2019:12:20:02 +0000] "GET /catalog/view/theme/theme726/stylesheet/photoswipe.css HTTP/1.1" 200 2278 "https://srv0.pp.ua/tachskryn-pn-kingvina-pg806/655647/" "Mozilla/5.0 (Windows NT 6.1; Win64; x64) AppleWebKit/537.36 (KHTML, like Gecko) Chrome/76.0.3809.132 Safari/537.36"
109.254.53.67 - - [29/Sep/2019:12:20:02 +0000] "GET /catalog/view/theme/theme726/stylesheet/search-order.css?v=%271568716793 HTTP/1.1" 200 527 "https://srv0.pp.ua/tachskryn-pn-kingvina-pg806/655647/" "Mozilla/5.0 (Windows NT 6.1; Win64; x64) AppleWebKit/537.36 (KHTML, like Gecko) Chrome/76.0.3809.132 Safari/537.36"
109.254.53.67 - - [29/Sep/2019:12:20:02 +0000] "GET /catalog/view/theme/theme726/stylesheet/stylesheet.css?v=%271568716793 HTTP/1.1" 200 290003 "https://srv0.pp.ua/tachskryn-pn-kingvina-pg806/655647/" "Mozilla/5.0 (Windows NT 6.1; Win64; x64) AppleWebKit/537.36 (KHTML, like Gecko) Chrome/76.0.3809.132 Safari/537.36"
109.254.53.67 - - [29/Sep/2019:12:20:02 +0000] "GET /catalog/view/javascript/jquery/ui/jquery-ui.css HTTP/1.1" 200 19304 "https://srv0.pp.ua/tachskryn-pn-kingvina-pg806/655647/" "Mozilla/5.0 (Windows NT 6.1; Win64; x64) AppleWebKit/537.36 (KHTML, like Gecko) Chrome/76.0.3809.132 Safari/537.36"
109.254.53.67 - - [29/Sep/2019:12:20:02 +0000] "GET /catalog/view/theme/theme726/stylesheet/color_schemes/color_scheme_4.css HTTP/1.1" 200 14124 "https://srv0.pp.ua/tachskryn-pn-kingvina-pg806/655647/" "Mozilla/5.0 (Windows NT 6.1; Win64; x64) AppleWebKit/537.36 (KHTML, like Gecko) Chrome/76.0.3809.132 Safari/537.36"
109.254.53.67 - - [29/Sep/2019:12:20:02 +0000] "GET /catalog/view/theme/theme726/stylesheet/homebuilder.css HTTP/1.1" 200 1715 "https://srv0.pp.ua/tachskryn-pn-kingvina-pg806/655647/" "Mozilla/5.0 (Windows NT 6.1; Win64; x64) AppleWebKit/537.36 (KHTML, like Gecko) Chrome/76.0.3809.132 Safari/537.36"
109.254.53.67 - - [29/Sep/2019:12:20:02 +0000] "GET /catalog/view/theme/theme726/js/fancybox/jquery.fancybox.css HTTP/1.1" 200 3962 "https://srv0.pp.ua/tachskryn-pn-kingvina-pg806/655647/" "Mozilla/5.0 (Windows NT 6.1; Win64; x64) AppleWebKit/537.36 (KHTML, like Gecko) Chrome/76.0.3809.132 Safari/537.36"
109.254.53.67 - - [29/Sep/2019:12:20:02 +0000] "GET /catalog/view/theme/theme726/stylesheet/n1gsm_styles.css HTTP/1.1" 200 5559 "https://srv0.pp.ua/tachskryn-pn-kingvina-pg806/655647/" "Mozilla/5.0 (Windows NT 6.1; Win64; x64) AppleWebKit/537.36 (KHTML, like Gecko) Chrome/76.0.3809.132 Safari/537.36"
109.254.53.67 - - [29/Sep/2019:12:20:02 +0000] "GET /catalog/view/javascript/product.js HTTP/1.1" 200 566 "https://srv0.pp.ua/tachskryn-pn-kingvina-pg806/655647/" "Mozilla/5.0 (Windows NT 6.1; Win64; x64) AppleWebKit/537.36 (KHTML, like Gecko) Chrome/76.0.3809.132 Safari/537.36"
109.254.53.67 - - [29/Sep/2019:12:20:02 +0000] "GET /catalog/view/theme/theme726/js/jquery.elevatezoom.js HTTP/1.1" 200 58870 "https://srv0.pp.ua/tachskryn-pn-kingvina-pg806/655647/" "Mozilla/5.0 (Windows NT 6.1; Win64; x64) AppleWebKit/537.36 (KHTML, like Gecko) Chrome/76.0.3809.132 Safari/537.36"
109.254.53.67 - - [29/Sep/2019:12:20:02 +0000] "GET /image/catalog/n1gsm_logo.png HTTP/1.1" 200 10191 "https://srv0.pp.ua/tachskryn-pn-kingvina-pg806/655647/" "Mozilla/5.0 (Windows NT 6.1; Win64; x64) AppleWebKit/537.36 (KHTML, like Gecko) Chrome/76.0.3809.132 Safari/537.36"
109.254.53.67 - - [29/Sep/2019:12:20:02 +0000] "GET /image/cache/catalog/TAB_TP/1227/IMG_20190911_104201-130x130.jpg HTTP/1.1" 200 2903 "https://srv0.pp.ua/tachskryn-pn-kingvina-pg806/655647/" "Mozilla/5.0 (Windows NT 6.1; Win64; x64) AppleWebKit/537.36 (KHTML, like Gecko) Chrome/76.0.3809.132 Safari/537.36"
109.254.53.67 - - [29/Sep/2019:12:20:02 +0000] "GET /image/cache/catalog/TAB_TP/1227/IMG_20190911_104201-800x500.jpg HTTP/1.1" 200 28485 "https://srv0.pp.ua/tachskryn-pn-kingvina-pg806/655647/" "Mozilla/5.0 (Windows NT 6.1; Win64; x64) AppleWebKit/537.36 (KHTML, like Gecko) Chrome/76.0.3809.132 Safari/537.36"
109.254.53.67 - - [29/Sep/2019:12:20:02 +0000] "GET /image/cache/catalog/TAB_TP/1227/IMG_20190911_104211-130x130.jpg HTTP/1.1" 200 2739 "https://srv0.pp.ua/tachskryn-pn-kingvina-pg806/655647/" "Mozilla/5.0 (Windows NT 6.1; Win64; x64) AppleWebKit/537.36 (KHTML, like Gecko) Chrome/76.0.3809.132 Safari/537.36"
109.254.53.67 - - [29/Sep/2019:12:20:02 +0000] "GET /image/cache/catalog/TAB_TP/1227/IMG_20190911_104211-800x500.jpg HTTP/1.1" 200 29549 "https://srv0.pp.ua/tachskryn-pn-kingvina-pg806/655647/" "Mozilla/5.0 (Windows NT 6.1; Win64; x64) AppleWebKit/537.36 (KHTML, like Gecko) Chrome/76.0.3809.132 Safari/537.36"
109.254.53.67 - - [29/Sep/2019:12:20:02 +0000] "GET /image/cache/catalog/TAB_TP/1227/IMG_20190911_104220-800x500.jpg HTTP/1.1" 200 35809 "https://srv0.pp.ua/tachskryn-pn-kingvina-pg806/655647/" "Mozilla/5.0 (Windows NT 6.1; Win64; x64) AppleWebKit/537.36 (KHTML, like Gecko) Chrome/76.0.3809.132 Safari/537.36"
109.254.53.67 - - [29/Sep/2019:12:20:02 +0000] "GET /image/catalog/star_rating_empty.svg HTTP/1.1" 200 586 "https://srv0.pp.ua/tachskryn-pn-kingvina-pg806/655647/" "Mozilla/5.0 (Windows NT 6.1; Win64; x64) AppleWebKit/537.36 (KHTML, like Gecko) Chrome/76.0.3809.132 Safari/537.36"
109.254.53.67 - - [29/Sep/2019:12:20:02 +0000] "GET /image/cache/catalog/TAB_TP/1227/IMG_20190911_104220-130x130.jpg HTTP/1.1" 200 3621 "https://srv0.pp.ua/tachskryn-pn-kingvina-pg806/655647/" "Mozilla/5.0 (Windows NT 6.1; Win64; x64) AppleWebKit/537.36 (KHTML, like Gecko) Chrome/76.0.3809.132 Safari/537.36"
109.254.53.67 - - [29/Sep/2019:12:20:04 +0000] "GET /image/catalog/rating-1.svg HTTP/1.1" 404 30339 "https://srv0.pp.ua/tachskryn-pn-kingvina-pg806/655647/" "Mozilla/5.0 (Windows NT 6.1; Win64; x64) AppleWebKit/537.36 (KHTML, like Gecko) Chrome/76.0.3809.132 Safari/537.36"
109.254.53.67 - - [29/Sep/2019:12:20:04 +0000] "GET /catalog/view/theme/theme726/js/jquery.bxslider/jquery.bxslider.js HTTP/1.1" 200 50633 "https://srv0.pp.ua/tachskryn-pn-kingvina-pg806/655647/" "Mozilla/5.0 (Windows NT 6.1; Win64; x64) AppleWebKit/537.36 (KHTML, like Gecko) Chrome/76.0.3809.132 Safari/537.36"
109.254.53.67 - - [29/Sep/2019:12:20:05 +0000] "GET /image/catalog/rating-2.svg HTTP/1.1" 404 30339 "https://srv0.pp.ua/tachskryn-pn-kingvina-pg806/655647/" "Mozilla/5.0 (Windows NT 6.1; Win64; x64) AppleWebKit/537.36 (KHTML, like Gecko) Chrome/76.0.3809.132 Safari/537.36"
109.254.53.67 - - [29/Sep/2019:12:20:05 +0000] "GET /index.php?route=common/telephone/getMask HTTP/1.1" 200 35 "https://srv0.pp.ua/tachskryn-pn-kingvina-pg806/655647/" "Mozilla/5.0 (Windows NT 6.1; Win64; x64) AppleWebKit/537.36 (KHTML, like Gecko) Chrome/76.0.3809.132 Safari/537.36"
109.254.53.67 - - [29/Sep/2019:12:20:05 +0000] "GET /catalog/view/theme/theme726/js/jquery.selectbox-0.2.min.js HTTP/1.1" 200 11905 "https://srv0.pp.ua/tachskryn-pn-kingvina-pg806/655647/" "Mozilla/5.0 (Windows NT 6.1; Win64; x64) AppleWebKit/537.36 (KHTML, like Gecko) Chrome/76.0.3809.132 Safari/537.36"
109.254.53.67 - - [29/Sep/2019:12:20:05 +0000] "GET /image/catalog/radio.png HTTP/1.1" 200 15222 "https://srv0.pp.ua/tachskryn-pn-kingvina-pg806/655647/" "Mozilla/5.0 (Windows NT 6.1; Win64; x64) AppleWebKit/537.36 (KHTML, like Gecko) Chrome/76.0.3809.132 Safari/537.36"
109.254.53.67 - - [29/Sep/2019:12:20:06 +0000] "GET /catalog/view/theme/theme726/js/ajaxOrderStatus.js?v= HTTP/1.1" 200 1215 "https://srv0.pp.ua/tachskryn-pn-kingvina-pg806/655647/" "Mozilla/5.0 (Windows NT 6.1; Win64; x64) AppleWebKit/537.36 (KHTML, like Gecko) Chrome/76.0.3809.132 Safari/537.36"
109.254.53.67 - - [29/Sep/2019:12:20:06 +0000] "GET /image/catalog/important.svg HTTP/1.1" 200 535 "https://srv0.pp.ua/catalog/view/theme/theme726/stylesheet/stylesheet.css?v=%271568716793" "Mozilla/5.0 (Windows NT 6.1; Win64; x64) AppleWebKit/537.36 (KHTML, like Gecko) Chrome/76.0.3809.132 Safari/537.36"
109.254.53.67 - - [29/Sep/2019:12:20:06 +0000] "GET /image/cache/catalog/TAB_TP/1227/IMG_20190911_104201-900x900.jpg HTTP/1.1" 200 47921 "https://srv0.pp.ua/tachskryn-pn-kingvina-pg806/655647/" "Mozilla/5.0 (Windows NT 6.1; Win64; x64) AppleWebKit/537.36 (KHTML, like Gecko) Chrome/76.0.3809.132 Safari/537.36"
109.254.53.67 - - [29/Sep/2019:12:20:07 +0000] "GET /image/catalog/rating-3.svg HTTP/1.1" 404 30339 "https://srv0.pp.ua/tachskryn-pn-kingvina-pg806/655647/" "Mozilla/5.0 (Windows NT 6.1; Win64; x64) AppleWebKit/537.36 (KHTML, like Gecko) Chrome/76.0.3809.132 Safari/537.36"
109.254.53.67 - - [29/Sep/2019:12:20:07 +0000] "GET /index.php?route=product/product/review&product_id=1749 HTTP/1.1" 200 86 "https://srv0.pp.ua/tachskryn-pn-kingvina-pg806/655647/" "Mozilla/5.0 (Windows NT 6.1; Win64; x64) AppleWebKit/537.36 (KHTML, like Gecko) Chrome/76.0.3809.132 Safari/537.36"
109.254.53.67 - - [29/Sep/2019:12:20:08 +0000] "GET /image/catalog/rating-4.svg HTTP/1.1" 404 30339 "https://srv0.pp.ua/tachskryn-pn-kingvina-pg806/655647/" "Mozilla/5.0 (Windows NT 6.1; Win64; x64) AppleWebKit/537.36 (KHTML, like Gecko) Chrome/76.0.3809.132 Safari/537.36"
109.254.53.67 - - [29/Sep/2019:12:20:10 +0000] "GET /image/catalog/rating-5.svg HTTP/1.1" 404 30339 "https://srv0.pp.ua/tachskryn-pn-kingvina-pg806/655647/" "Mozilla/5.0 (Windows NT 6.1; Win64; x64) AppleWebKit/537.36 (KHTML, like Gecko) Chrome/76.0.3809.132 Safari/537.36"
109.254.53.67 - - [29/Sep/2019:12:20:10 +0000] "GET /image/catalog/n1gsm_logo.png HTTP/1.1" 200 10191 "https://srv0.pp.ua/tachskryn-pn-kingvina-pg806/655647/" "Mozilla/5.0 (Windows NT 6.1; Win64; x64) AppleWebKit/537.36 (KHTML, like Gecko) Chrome/76.0.3809.132 Safari/537.36"
66.249.93.30 - - [29/Sep/2019:12:20:16 +0000] "GET / HTTP/1.1" 200 28506 "-" "Mozilla/5.0 (X11; Linux x86_64) AppleWebKit/537.36 (KHTML, like Gecko) Chrome/74.0.3694.0 Safari/537.36 Chrome-Lighthouse"
66.249.93.30 - - [29/Sep/2019:12:20:16 +0000] "GET / HTTP/1.1" 200 28506 "-" "Mozilla/5.0 (Linux; Android 6.0.1; Nexus 5 Build/MRA58N) AppleWebKit/537.36 (KHTML, like Gecko) Chrome/74.0.3694.0 Mobile Safari/537.36 Chrome-Lighthouse"
66.249.93.30 - - [29/Sep/2019:12:20:16 +0000] "GET /catalog/view/javascript/font-awesome/css/font-awesome.min.css HTTP/1.1" 200 26711 "http://srv0.pp.ua/" "Mozilla/5.0 (X11; Linux x86_64) AppleWebKit/537.36 (KHTML, like Gecko) Chrome/74.0.3694.0 Safari/537.36 Chrome-Lighthouse"
66.249.93.30 - - [29/Sep/2019:12:20:16 +0000] "GET /catalog/view/theme/theme726/stylesheet/material-design.css HTTP/1.1" 200 24423 "http://srv0.pp.ua/" "Mozilla/5.0 (X11; Linux x86_64) AppleWebKit/537.36 (KHTML, like Gecko) Chrome/74.0.3694.0 Safari/537.36 Chrome-Lighthouse"
66.249.93.29 - - [29/Sep/2019:12:20:16 +0000] "GET /catalog/view/theme/theme726/stylesheet/fonts.css HTTP/1.1" 200 4885 "http://srv0.pp.ua/" "Mozilla/5.0 (X11; Linux x86_64) AppleWebKit/537.36 (KHTML, like Gecko) Chrome/74.0.3694.0 Safari/537.36 Chrome-Lighthouse"
66.249.93.30 - - [29/Sep/2019:12:20:16 +0000] "GET /catalog/view/theme/theme726/stylesheet/fl-outicons.css HTTP/1.1" 200 6014 "http://srv0.pp.ua/" "Mozilla/5.0 (X11; Linux x86_64) AppleWebKit/537.36 (KHTML, like Gecko) Chrome/74.0.3694.0 Safari/537.36 Chrome-Lighthouse"
66.249.93.29 - - [29/Sep/2019:12:20:16 +0000] "GET /catalog/view/javascript/bootstrap/css/bootstrap.min.css HTTP/1.1" 200 122540 "http://srv0.pp.ua/" "Mozilla/5.0 (X11; Linux x86_64) AppleWebKit/537.36 (KHTML, like Gecko) Chrome/74.0.3694.0 Safari/537.36 Chrome-Lighthouse"
66.249.93.29 - - [29/Sep/2019:12:20:16 +0000] "GET /catalog/view/theme/theme726/stylesheet/thin.css HTTP/1.1" 200 6020 "http://srv0.pp.ua/" "Mozilla/5.0 (X11; Linux x86_64) AppleWebKit/537.36 (KHTML, like Gecko) Chrome/74.0.3694.0 Safari/537.36 Chrome-Lighthouse"
66.249.93.28 - - [29/Sep/2019:12:20:16 +0000] "GET /catalog/view/theme/theme726/stylesheet/loading/loading.css HTTP/1.1" 200 186158 "http://srv0.pp.ua/" "Mozilla/5.0 (X11; Linux x86_64) AppleWebKit/537.36 (KHTML, like Gecko) Chrome/74.0.3694.0 Safari/537.36 Chrome-Lighthouse"
66.249.93.29 - - [29/Sep/2019:12:20:16 +0000] "GET /catalog/view/theme/theme726/js/fancybox/jquery.fancybox.css HTTP/1.1" 200 3962 "http://srv0.pp.ua/" "Mozilla/5.0 (X11; Linux x86_64) AppleWebKit/537.36 (KHTML, like Gecko) Chrome/74.0.3694.0 Safari/537.36 Chrome-Lighthouse"
66.249.93.30 - - [29/Sep/2019:12:20:16 +0000] "GET /catalog/view/theme/theme726/stylesheet/fonts.css HTTP/1.1" 200 4885 "http://srv0.pp.ua/" "Mozilla/5.0 (Linux; Android 6.0.1; Nexus 5 Build/MRA58N) AppleWebKit/537.36 (KHTML, like Gecko) Chrome/74.0.3694.0 Mobile Safari/537.36 Chrome-Lighthouse"
66.249.93.29 - - [29/Sep/2019:12:20:16 +0000] "GET /catalog/view/theme/theme726/stylesheet/photoswipe.css HTTP/1.1" 200 2278 "http://srv0.pp.ua/" "Mozilla/5.0 (X11; Linux x86_64) AppleWebKit/537.36 (KHTML, like Gecko) Chrome/74.0.3694.0 Safari/537.36 Chrome-Lighthouse"
66.249.93.30 - - [29/Sep/2019:12:20:16 +0000] "GET /catalog/view/javascript/font-awesome/css/font-awesome.min.css HTTP/1.1" 200 26711 "http://srv0.pp.ua/" "Mozilla/5.0 (Linux; Android 6.0.1; Nexus 5 Build/MRA58N) AppleWebKit/537.36 (KHTML, like Gecko) Chrome/74.0.3694.0 Mobile Safari/537.36 Chrome-Lighthouse"
66.249.93.28 - - [29/Sep/2019:12:20:16 +0000] "GET /catalog/view/theme/theme726/js/owl.carousel/assets/owl.carousel.css HTTP/1.1" 200 3734 "http://srv0.pp.ua/" "Mozilla/5.0 (X11; Linux x86_64) AppleWebKit/537.36 (KHTML, like Gecko) Chrome/74.0.3694.0 Safari/537.36 Chrome-Lighthouse"
66.249.93.29 - - [29/Sep/2019:12:20:16 +0000] "GET /catalog/view/theme/theme726/stylesheet/material-design.css HTTP/1.1" 200 24423 "http://srv0.pp.ua/" "Mozilla/5.0 (Linux; Android 6.0.1; Nexus 5 Build/MRA58N) AppleWebKit/537.36 (KHTML, like Gecko) Chrome/74.0.3694.0 Mobile Safari/537.36 Chrome-Lighthouse"
66.249.93.29 - - [29/Sep/2019:12:20:16 +0000] "GET /catalog/view/theme/theme726/stylesheet/search-order.css?v=%271568716793 HTTP/1.1" 200 527 "http://srv0.pp.ua/" "Mozilla/5.0 (X11; Linux x86_64) AppleWebKit/537.36 (KHTML, like Gecko) Chrome/74.0.3694.0 Safari/537.36 Chrome-Lighthouse"
66.249.93.30 - - [29/Sep/2019:12:20:16 +0000] "GET /catalog/view/theme/theme726/stylesheet/fl-outicons.css HTTP/1.1" 200 6014 "http://srv0.pp.ua/" "Mozilla/5.0 (Linux; Android 6.0.1; Nexus 5 Build/MRA58N) AppleWebKit/537.36 (KHTML, like Gecko) Chrome/74.0.3694.0 Mobile Safari/537.36 Chrome-Lighthouse"
66.249.93.30 - - [29/Sep/2019:12:20:16 +0000] "GET /catalog/view/theme/theme726/js/owl.carousel/assets/owl.carousel.css HTTP/1.1" 200 3734 "http://srv0.pp.ua/" "Mozilla/5.0 (Linux; Android 6.0.1; Nexus 5 Build/MRA58N) AppleWebKit/537.36 (KHTML, like Gecko) Chrome/74.0.3694.0 Mobile Safari/537.36 Chrome-Lighthouse"
66.249.93.29 - - [29/Sep/2019:12:20:16 +0000] "GET /catalog/view/javascript/jquery/ui/jquery-ui.css HTTP/1.1" 200 19304 "http://srv0.pp.ua/" "Mozilla/5.0 (X11; Linux x86_64) AppleWebKit/537.36 (KHTML, like Gecko) Chrome/74.0.3694.0 Safari/537.36 Chrome-Lighthouse"
66.249.93.30 - - [29/Sep/2019:12:20:16 +0000] "GET /catalog/view/theme/theme726/stylesheet/thin.css HTTP/1.1" 200 6020 "http://srv0.pp.ua/" "Mozilla/5.0 (Linux; Android 6.0.1; Nexus 5 Build/MRA58N) AppleWebKit/537.36 (KHTML, like Gecko) Chrome/74.0.3694.0 Mobile Safari/537.36 Chrome-Lighthouse"
66.249.93.29 - - [29/Sep/2019:12:20:16 +0000] "GET /catalog/view/theme/theme726/stylesheet/color_schemes/color_scheme_4.css HTTP/1.1" 200 14124 "http://srv0.pp.ua/" "Mozilla/5.0 (X11; Linux x86_64) AppleWebKit/537.36 (KHTML, like Gecko) Chrome/74.0.3694.0 Safari/537.36 Chrome-Lighthouse"
66.249.93.30 - - [29/Sep/2019:12:20:16 +0000] "GET /catalog/view/theme/theme726/js/fancybox/jquery.fancybox.css HTTP/1.1" 200 3962 "http://srv0.pp.ua/" "Mozilla/5.0 (Linux; Android 6.0.1; Nexus 5 Build/MRA58N) AppleWebKit/537.36 (KHTML, like Gecko) Chrome/74.0.3694.0 Mobile Safari/537.36 Chrome-Lighthouse"
66.249.93.29 - - [29/Sep/2019:12:20:16 +0000] "GET /catalog/view/theme/theme726/stylesheet/homebuilder.css HTTP/1.1" 200 1715 "http://srv0.pp.ua/" "Mozilla/5.0 (X11; Linux x86_64) AppleWebKit/537.36 (KHTML, like Gecko) Chrome/74.0.3694.0 Safari/537.36 Chrome-Lighthouse"
66.249.93.28 - - [29/Sep/2019:12:20:16 +0000] "GET /catalog/view/theme/theme726/stylesheet/loading/loading.css HTTP/1.1" 200 186158 "http://srv0.pp.ua/" "Mozilla/5.0 (Linux; Android 6.0.1; Nexus 5 Build/MRA58N) AppleWebKit/537.36 (KHTML, like Gecko) Chrome/74.0.3694.0 Mobile Safari/537.36 Chrome-Lighthouse"
66.249.93.28 - - [29/Sep/2019:12:20:16 +0000] "GET /catalog/view/javascript/bootstrap/css/bootstrap.min.css HTTP/1.1" 200 122540 "http://srv0.pp.ua/" "Mozilla/5.0 (Linux; Android 6.0.1; Nexus 5 Build/MRA58N) AppleWebKit/537.36 (KHTML, like Gecko) Chrome/74.0.3694.0 Mobile Safari/537.36 Chrome-Lighthouse"
66.249.93.30 - - [29/Sep/2019:12:20:16 +0000] "GET /catalog/view/theme/theme726/js/fancybox/jquery.fancybox.js HTTP/1.1" 200 57285 "http://srv0.pp.ua/" "Mozilla/5.0 (X11; Linux x86_64) AppleWebKit/537.36 (KHTML, like Gecko) Chrome/74.0.3694.0 Safari/537.36 Chrome-Lighthouse"
66.249.93.30 - - [29/Sep/2019:12:20:16 +0000] "GET /catalog/view/javascript/jquery/jquery-2.1.1.min.js HTTP/1.1" 200 84245 "http://srv0.pp.ua/" "Mozilla/5.0 (X11; Linux x86_64) AppleWebKit/537.36 (KHTML, like Gecko) Chrome/74.0.3694.0 Safari/537.36 Chrome-Lighthouse"
66.249.93.29 - - [29/Sep/2019:12:20:16 +0000] "GET /catalog/view/theme/theme726/stylesheet/search-order.css?v=%271568716793 HTTP/1.1" 200 527 "http://srv0.pp.ua/" "Mozilla/5.0 (Linux; Android 6.0.1; Nexus 5 Build/MRA58N) AppleWebKit/537.36 (KHTML, like Gecko) Chrome/74.0.3694.0 Mobile Safari/537.36 Chrome-Lighthouse"
66.249.93.28 - - [29/Sep/2019:12:20:16 +0000] "GET /catalog/view/javascript/jquery/ui/jquery-ui.css HTTP/1.1" 200 19304 "http://srv0.pp.ua/" "Mozilla/5.0 (Linux; Android 6.0.1; Nexus 5 Build/MRA58N) AppleWebKit/537.36 (KHTML, like Gecko) Chrome/74.0.3694.0 Mobile Safari/537.36 Chrome-Lighthouse"
66.249.93.30 - - [29/Sep/2019:12:20:16 +0000] "GET /catalog/view/theme/theme726/stylesheet/photoswipe.css HTTP/1.1" 200 2278 "http://srv0.pp.ua/" "Mozilla/5.0 (Linux; Android 6.0.1; Nexus 5 Build/MRA58N) AppleWebKit/537.36 (KHTML, like Gecko) Chrome/74.0.3694.0 Mobile Safari/537.36 Chrome-Lighthouse"
66.249.93.30 - - [29/Sep/2019:12:20:16 +0000] "GET /catalog/view/javascript/jquery.maskedinput.js HTTP/1.1" 200 10317 "http://srv0.pp.ua/" "Mozilla/5.0 (X11; Linux x86_64) AppleWebKit/537.36 (KHTML, like Gecko) Chrome/74.0.3694.0 Safari/537.36 Chrome-Lighthouse"
66.249.93.30 - - [29/Sep/2019:12:20:16 +0000] "GET /catalog/view/theme/theme726/stylesheet/n1gsm_styles.css HTTP/1.1" 200 5559 "http://srv0.pp.ua/" "Mozilla/5.0 (X11; Linux x86_64) AppleWebKit/537.36 (KHTML, like Gecko) Chrome/74.0.3694.0 Safari/537.36 Chrome-Lighthouse"
66.249.93.29 - - [29/Sep/2019:12:20:16 +0000] "GET /catalog/view/theme/theme726/stylesheet/color_schemes/color_scheme_4.css HTTP/1.1" 200 14124 "http://srv0.pp.ua/" "Mozilla/5.0 (Linux; Android 6.0.1; Nexus 5 Build/MRA58N) AppleWebKit/537.36 (KHTML, like Gecko) Chrome/74.0.3694.0 Mobile Safari/537.36 Chrome-Lighthouse"
66.249.93.30 - - [29/Sep/2019:12:20:16 +0000] "GET /catalog/view/theme/theme726/stylesheet/n1gsm_styles.css HTTP/1.1" 200 5559 "http://srv0.pp.ua/" "Mozilla/5.0 (Linux; Android 6.0.1; Nexus 5 Build/MRA58N) AppleWebKit/537.36 (KHTML, like Gecko) Chrome/74.0.3694.0 Mobile Safari/537.36 Chrome-Lighthouse"
66.249.93.28 - - [29/Sep/2019:12:20:16 +0000] "GET /catalog/view/theme/theme726/stylesheet/stylesheet.css?v=%271568716793 HTTP/1.1" 200 290003 "http://srv0.pp.ua/" "Mozilla/5.0 (Linux; Android 6.0.1; Nexus 5 Build/MRA58N) AppleWebKit/537.36 (KHTML, like Gecko) Chrome/74.0.3694.0 Mobile Safari/537.36 Chrome-Lighthouse"
66.249.93.30 - - [29/Sep/2019:12:20:16 +0000] "GET /catalog/view/javascript/jquery/jquery-2.1.1.min.js HTTP/1.1" 200 84245 "http://srv0.pp.ua/" "Mozilla/5.0 (Linux; Android 6.0.1; Nexus 5 Build/MRA58N) AppleWebKit/537.36 (KHTML, like Gecko) Chrome/74.0.3694.0 Mobile Safari/537.36 Chrome-Lighthouse"
66.249.93.30 - - [29/Sep/2019:12:20:16 +0000] "GET /catalog/view/javascript/jquery/ui/jquery-ui.js HTTP/1.1" 200 72131 "http://srv0.pp.ua/" "Mozilla/5.0 (X11; Linux x86_64) AppleWebKit/537.36 (KHTML, like Gecko) Chrome/74.0.3694.0 Safari/537.36 Chrome-Lighthouse"
66.249.93.30 - - [29/Sep/2019:12:20:16 +0000] "GET /catalog/view/javascript/jquery.validate.js HTTP/1.1" 200 47689 "http://srv0.pp.ua/" "Mozilla/5.0 (X11; Linux x86_64) AppleWebKit/537.36 (KHTML, like Gecko) Chrome/74.0.3694.0 Safari/537.36 Chrome-Lighthouse"
66.249.93.28 - - [29/Sep/2019:12:20:16 +0000] "GET /catalog/view/theme/theme726/stylesheet/stylesheet.css?v=%271568716793 HTTP/1.1" 200 290003 "http://srv0.pp.ua/" "Mozilla/5.0 (X11; Linux x86_64) AppleWebKit/537.36 (KHTML, like Gecko) Chrome/74.0.3694.0 Safari/537.36 Chrome-Lighthouse"
66.249.93.29 - - [29/Sep/2019:12:20:16 +0000] "GET /catalog/view/theme/theme726/js/header-city.js?v=%271568716793 HTTP/1.1" 200 1444 "http://srv0.pp.ua/" "Mozilla/5.0 (X11; Linux x86_64) AppleWebKit/537.36 (KHTML, like Gecko) Chrome/74.0.3694.0 Safari/537.36 Chrome-Lighthouse"
66.249.93.28 - - [29/Sep/2019:12:20:16 +0000] "GET /catalog/view/theme/theme726/js/common_theme.js HTTP/1.1" 200 24607 "http://srv0.pp.ua/" "Mozilla/5.0 (Linux; Android 6.0.1; Nexus 5 Build/MRA58N) AppleWebKit/537.36 (KHTML, like Gecko) Chrome/74.0.3694.0 Mobile Safari/537.36 Chrome-Lighthouse"
66.249.93.28 - - [29/Sep/2019:12:20:16 +0000] "GET /catalog/view/theme/theme726/js/fancybox/jquery.fancybox.js HTTP/1.1" 200 57285 "http://srv0.pp.ua/" "Mozilla/5.0 (Linux; Android 6.0.1; Nexus 5 Build/MRA58N) AppleWebKit/537.36 (KHTML, like Gecko) Chrome/74.0.3694.0 Mobile Safari/537.36 Chrome-Lighthouse"
66.249.93.28 - - [29/Sep/2019:12:20:16 +0000] "GET /catalog/view/javascript/auth.js?v=%271568716793 HTTP/1.1" 200 9188 "http://srv0.pp.ua/" "Mozilla/5.0 (X11; Linux x86_64) AppleWebKit/537.36 (KHTML, like Gecko) Chrome/74.0.3694.0 Safari/537.36 Chrome-Lighthouse"
66.249.93.28 - - [29/Sep/2019:12:20:16 +0000] "GET /catalog/view/theme/theme726/js/common_theme.js HTTP/1.1" 200 24607 "http://srv0.pp.ua/" "Mozilla/5.0 (X11; Linux x86_64) AppleWebKit/537.36 (KHTML, like Gecko) Chrome/74.0.3694.0 Safari/537.36 Chrome-Lighthouse"
66.249.93.29 - - [29/Sep/2019:12:20:16 +0000] "GET /catalog/view/theme/theme726/js/cart_popup.js?v=%271568716793 HTTP/1.1" 200 982 "http://srv0.pp.ua/" "Mozilla/5.0 (X11; Linux x86_64) AppleWebKit/537.36 (KHTML, like Gecko) Chrome/74.0.3694.0 Safari/537.36 Chrome-Lighthouse"
66.249.93.29 - - [29/Sep/2019:12:20:16 +0000] "GET /catalog/view/javascript/jquery.maskedinput.js HTTP/1.1" 200 10317 "http://srv0.pp.ua/" "Mozilla/5.0 (Linux; Android 6.0.1; Nexus 5 Build/MRA58N) AppleWebKit/537.36 (KHTML, like Gecko) Chrome/74.0.3694.0 Mobile Safari/537.36 Chrome-Lighthouse"
66.249.93.30 - - [29/Sep/2019:12:20:16 +0000] "GET /catalog/view/javascript/jquery.validate.js HTTP/1.1" 200 47689 "http://srv0.pp.ua/" "Mozilla/5.0 (Linux; Android 6.0.1; Nexus 5 Build/MRA58N) AppleWebKit/537.36 (KHTML, like Gecko) Chrome/74.0.3694.0 Mobile Safari/537.36 Chrome-Lighthouse"
66.249.93.28 - - [29/Sep/2019:12:20:16 +0000] "GET /catalog/view/javascript/jquery/ui/jquery-ui.js HTTP/1.1" 200 72131 "http://srv0.pp.ua/" "Mozilla/5.0 (Linux; Android 6.0.1; Nexus 5 Build/MRA58N) AppleWebKit/537.36 (KHTML, like Gecko) Chrome/74.0.3694.0 Mobile Safari/537.36 Chrome-Lighthouse"
66.249.93.28 - - [29/Sep/2019:12:20:16 +0000] "GET /catalog/view/javascript/bootstrap/js/bootstrap.min.js HTTP/1.1" 200 36816 "http://srv0.pp.ua/" "Mozilla/5.0 (X11; Linux x86_64) AppleWebKit/537.36 (KHTML, like Gecko) Chrome/74.0.3694.0 Safari/537.36 Chrome-Lighthouse"
66.249.93.29 - - [29/Sep/2019:12:20:16 +0000] "GET /catalog/view/javascript/auth.js?v=%271568716793 HTTP/1.1" 200 9188 "http://srv0.pp.ua/" "Mozilla/5.0 (Linux; Android 6.0.1; Nexus 5 Build/MRA58N) AppleWebKit/537.36 (KHTML, like Gecko) Chrome/74.0.3694.0 Mobile Safari/537.36 Chrome-Lighthouse"
66.249.93.28 - - [29/Sep/2019:12:20:16 +0000] "GET /catalog/view/theme/theme726/js/tmmegamenu/superfish.min.js HTTP/1.1" 200 4554 "http://srv0.pp.ua/" "Mozilla/5.0 (X11; Linux x86_64) AppleWebKit/537.36 (KHTML, like Gecko) Chrome/74.0.3694.0 Safari/537.36 Chrome-Lighthouse"
66.249.93.28 - - [29/Sep/2019:12:20:16 +0000] "GET /catalog/view/theme/theme726/js/header-city.js?v=%271568716793 HTTP/1.1" 200 1444 "http://srv0.pp.ua/" "Mozilla/5.0 (Linux; Android 6.0.1; Nexus 5 Build/MRA58N) AppleWebKit/537.36 (KHTML, like Gecko) Chrome/74.0.3694.0 Mobile Safari/537.36 Chrome-Lighthouse"
66.249.93.30 - - [29/Sep/2019:12:20:16 +0000] "GET /catalog/view/theme/theme726/js/device.min.js HTTP/1.1" 200 2778 "http://srv0.pp.ua/" "Mozilla/5.0 (X11; Linux x86_64) AppleWebKit/537.36 (KHTML, like Gecko) Chrome/74.0.3694.0 Safari/537.36 Chrome-Lighthouse"
66.249.93.28 - - [29/Sep/2019:12:20:16 +0000] "GET /catalog/view/theme/theme726/js/cart_popup.js?v=%271568716793 HTTP/1.1" 200 982 "http://srv0.pp.ua/" "Mozilla/5.0 (Linux; Android 6.0.1; Nexus 5 Build/MRA58N) AppleWebKit/537.36 (KHTML, like Gecko) Chrome/74.0.3694.0 Mobile Safari/537.36 Chrome-Lighthouse"
66.249.93.28 - - [29/Sep/2019:12:20:16 +0000] "GET /catalog/view/theme/theme726/js/tmmegamenu/jquery.rd-navbar.min.js HTTP/1.1" 200 4413 "http://srv0.pp.ua/" "Mozilla/5.0 (X11; Linux x86_64) AppleWebKit/537.36 (KHTML, like Gecko) Chrome/74.0.3694.0 Safari/537.36 Chrome-Lighthouse"
66.249.93.30 - - [29/Sep/2019:12:20:16 +0000] "GET /catalog/view/theme/theme726/image/warning_bar_0000_us.jpg HTTP/1.1" 200 41969 "http://srv0.pp.ua/" "Mozilla/5.0 (X11; Linux x86_64) AppleWebKit/537.36 (KHTML, like Gecko) Chrome/74.0.3694.0 Safari/537.36 Chrome-Lighthouse"
66.249.93.30 - - [29/Sep/2019:12:20:16 +0000] "GET /catalog/view/javascript/bootstrap/js/bootstrap.min.js HTTP/1.1" 200 36816 "http://srv0.pp.ua/" "Mozilla/5.0 (Linux; Android 6.0.1; Nexus 5 Build/MRA58N) AppleWebKit/537.36 (KHTML, like Gecko) Chrome/74.0.3694.0 Mobile Safari/537.36 Chrome-Lighthouse"
66.249.93.30 - - [29/Sep/2019:12:20:16 +0000] "GET /catalog/view/theme/theme726/js/tmmegamenu/jquery.rd-navbar.min.js HTTP/1.1" 200 4413 "http://srv0.pp.ua/" "Mozilla/5.0 (Linux; Android 6.0.1; Nexus 5 Build/MRA58N) AppleWebKit/537.36 (KHTML, like Gecko) Chrome/74.0.3694.0 Mobile Safari/537.36 Chrome-Lighthouse"
66.249.93.29 - - [29/Sep/2019:12:20:16 +0000] "GET /catalog/view/theme/theme726/js/tmmegamenu/superfish.min.js HTTP/1.1" 200 4554 "http://srv0.pp.ua/" "Mozilla/5.0 (Linux; Android 6.0.1; Nexus 5 Build/MRA58N) AppleWebKit/537.36 (KHTML, like Gecko) Chrome/74.0.3694.0 Mobile Safari/537.36 Chrome-Lighthouse"
66.249.93.28 - - [29/Sep/2019:12:20:16 +0000] "GET /catalog/view/theme/theme726/image/warning_bar_0000_us.jpg HTTP/1.1" 200 41969 "http://srv0.pp.ua/" "Mozilla/5.0 (Linux; Android 6.0.1; Nexus 5 Build/MRA58N) AppleWebKit/537.36 (KHTML, like Gecko) Chrome/74.0.3694.0 Mobile Safari/537.36 Chrome-Lighthouse"
66.249.93.28 - - [29/Sep/2019:12:20:16 +0000] "GET /catalog/view/theme/theme726/js/device.min.js HTTP/1.1" 200 2778 "http://srv0.pp.ua/" "Mozilla/5.0 (Linux; Android 6.0.1; Nexus 5 Build/MRA58N) AppleWebKit/537.36 (KHTML, like Gecko) Chrome/74.0.3694.0 Mobile Safari/537.36 Chrome-Lighthouse"
66.249.93.30 - - [29/Sep/2019:12:20:16 +0000] "GET /catalog/view/theme/theme726/stylesheet/homebuilder.css HTTP/1.1" 200 1715 "http://srv0.pp.ua/" "Mozilla/5.0 (Linux; Android 6.0.1; Nexus 5 Build/MRA58N) AppleWebKit/537.36 (KHTML, like Gecko) Chrome/74.0.3694.0 Mobile Safari/537.36 Chrome-Lighthouse"
66.249.93.30 - - [29/Sep/2019:12:20:16 +0000] "GET /catalog/view/theme/theme726/js/script.js HTTP/1.1" 200 32191 "http://srv0.pp.ua/" "Mozilla/5.0 (Linux; Android 6.0.1; Nexus 5 Build/MRA58N) AppleWebKit/537.36 (KHTML, like Gecko) Chrome/74.0.3694.0 Mobile Safari/537.36 Chrome-Lighthouse"
66.249.93.29 - - [29/Sep/2019:12:20:16 +0000] "GET /catalog/view/theme/theme726/js/livesearch.min.js HTTP/1.1" 200 3328 "http://srv0.pp.ua/" "Mozilla/5.0 (Linux; Android 6.0.1; Nexus 5 Build/MRA58N) AppleWebKit/537.36 (KHTML, like Gecko) Chrome/74.0.3694.0 Mobile Safari/537.36 Chrome-Lighthouse"
66.249.93.29 - - [29/Sep/2019:12:20:16 +0000] "GET /catalog/view/theme/theme726/js/livesearch.min.js HTTP/1.1" 200 3328 "http://srv0.pp.ua/" "Mozilla/5.0 (X11; Linux x86_64) AppleWebKit/537.36 (KHTML, like Gecko) Chrome/74.0.3694.0 Safari/537.36 Chrome-Lighthouse"
66.249.93.30 - - [29/Sep/2019:12:20:16 +0000] "GET /catalog/view/theme/theme726/js/ajaxOrderStatus.js?v= HTTP/1.1" 200 1215 "http://srv0.pp.ua/" "Mozilla/5.0 (X11; Linux x86_64) AppleWebKit/537.36 (KHTML, like Gecko) Chrome/74.0.3694.0 Safari/537.36 Chrome-Lighthouse"
66.249.93.28 - - [29/Sep/2019:12:20:16 +0000] "GET /catalog/view/theme/theme726/js/script.js HTTP/1.1" 200 32191 "http://srv0.pp.ua/" "Mozilla/5.0 (X11; Linux x86_64) AppleWebKit/537.36 (KHTML, like Gecko) Chrome/74.0.3694.0 Safari/537.36 Chrome-Lighthouse"
66.249.93.30 - - [29/Sep/2019:12:20:16 +0000] "GET /catalog/view/theme/theme726/js/ajaxOrderStatus.js?v= HTTP/1.1" 200 1215 "http://srv0.pp.ua/" "Mozilla/5.0 (Linux; Android 6.0.1; Nexus 5 Build/MRA58N) AppleWebKit/537.36 (KHTML, like Gecko) Chrome/74.0.3694.0 Mobile Safari/537.36 Chrome-Lighthouse"
66.249.93.28 - - [29/Sep/2019:12:20:16 +0000] "GET /image/catalog/n1gsm_logo.png HTTP/1.1" 200 10191 "http://srv0.pp.ua/" "Mozilla/5.0 (Linux; Android 6.0.1; Nexus 5 Build/MRA58N) AppleWebKit/537.36 (KHTML, like Gecko) Chrome/74.0.3694.0 Mobile Safari/537.36 Chrome-Lighthouse"
66.249.93.28 - - [29/Sep/2019:12:20:16 +0000] "GET /image/cache//payment/visa-50x50.png HTTP/1.1" 200 3121 "http://srv0.pp.ua/" "Mozilla/5.0 (Linux; Android 6.0.1; Nexus 5 Build/MRA58N) AppleWebKit/537.36 (KHTML, like Gecko) Chrome/74.0.3694.0 Mobile Safari/537.36 Chrome-Lighthouse"
66.249.93.28 - - [29/Sep/2019:12:20:16 +0000] "GET /image/cache//payment/mastercard-50x50.png HTTP/1.1" 200 1979 "http://srv0.pp.ua/" "Mozilla/5.0 (Linux; Android 6.0.1; Nexus 5 Build/MRA58N) AppleWebKit/537.36 (KHTML, like Gecko) Chrome/74.0.3694.0 Mobile Safari/537.36 Chrome-Lighthouse"
66.249.93.30 - - [29/Sep/2019:12:20:16 +0000] "GET /image/catalog/n1gsm_logo.png HTTP/1.1" 200 10191 "http://srv0.pp.ua/" "Mozilla/5.0 (X11; Linux x86_64) AppleWebKit/537.36 (KHTML, like Gecko) Chrome/74.0.3694.0 Safari/537.36 Chrome-Lighthouse"
66.249.93.29 - - [29/Sep/2019:12:20:16 +0000] "GET /image/cache//payment/visa-50x50.png HTTP/1.1" 200 3121 "http://srv0.pp.ua/" "Mozilla/5.0 (X11; Linux x86_64) AppleWebKit/537.36 (KHTML, like Gecko) Chrome/74.0.3694.0 Safari/537.36 Chrome-Lighthouse"
66.249.93.28 - - [29/Sep/2019:12:20:16 +0000] "GET /image/cache//payment/mir-50x50.png HTTP/1.1" 200 1066 "http://srv0.pp.ua/" "Mozilla/5.0 (Linux; Android 6.0.1; Nexus 5 Build/MRA58N) AppleWebKit/537.36 (KHTML, like Gecko) Chrome/74.0.3694.0 Mobile Safari/537.36 Chrome-Lighthouse"
66.249.93.30 - - [29/Sep/2019:12:20:16 +0000] "GET /image/cache//payment/mastercard-50x50.png HTTP/1.1" 200 1979 "http://srv0.pp.ua/" "Mozilla/5.0 (X11; Linux x86_64) AppleWebKit/537.36 (KHTML, like Gecko) Chrome/74.0.3694.0 Safari/537.36 Chrome-Lighthouse"
66.249.93.28 - - [29/Sep/2019:12:20:16 +0000] "GET /catalog/view/theme/theme726/fonts/Rubik-Regular.woff HTTP/1.1" 200 103864 "http://srv0.pp.ua/catalog/view/theme/theme726/stylesheet/fonts.css" "Mozilla/5.0 (Linux; Android 6.0.1; Nexus 5 Build/MRA58N) AppleWebKit/537.36 (KHTML, like Gecko) Chrome/74.0.3694.0 Mobile Safari/537.36 Chrome-Lighthouse"
66.249.93.30 - - [29/Sep/2019:12:20:16 +0000] "GET /catalog/view/theme/theme726/fonts/material-design.woff HTTP/1.1" 200 24032 "http://srv0.pp.ua/catalog/view/theme/theme726/stylesheet/material-design.css" "Mozilla/5.0 (Linux; Android 6.0.1; Nexus 5 Build/MRA58N) AppleWebKit/537.36 (KHTML, like Gecko) Chrome/74.0.3694.0 Mobile Safari/537.36 Chrome-Lighthouse"
66.249.93.29 - - [29/Sep/2019:12:20:16 +0000] "GET /catalog/view/theme/theme726/fonts/OpenSans-Bold.woff2 HTTP/1.1" 200 61256 "http://srv0.pp.ua/catalog/view/theme/theme726/stylesheet/fonts.css" "Mozilla/5.0 (Linux; Android 6.0.1; Nexus 5 Build/MRA58N) AppleWebKit/537.36 (KHTML, like Gecko) Chrome/74.0.3694.0 Mobile Safari/537.36 Chrome-Lighthouse"
66.249.93.29 - - [29/Sep/2019:12:20:16 +0000] "GET /catalog/view/theme/theme726/fonts/fl-outicons.woff HTTP/1.1" 200 14216 "http://srv0.pp.ua/catalog/view/theme/theme726/stylesheet/fl-outicons.css" "Mozilla/5.0 (Linux; Android 6.0.1; Nexus 5 Build/MRA58N) AppleWebKit/537.36 (KHTML, like Gecko) Chrome/74.0.3694.0 Mobile Safari/537.36 Chrome-Lighthouse"
66.249.93.29 - - [29/Sep/2019:12:20:16 +0000] "GET /catalog/view/theme/theme726/fonts/OpenSans.woff HTTP/1.1" 200 67532 "http://srv0.pp.ua/catalog/view/theme/theme726/stylesheet/fonts.css" "Mozilla/5.0 (Linux; Android 6.0.1; Nexus 5 Build/MRA58N) AppleWebKit/537.36 (KHTML, like Gecko) Chrome/74.0.3694.0 Mobile Safari/537.36 Chrome-Lighthouse"
66.249.93.29 - - [29/Sep/2019:12:20:16 +0000] "GET /image/cache//payment/mir-50x50.png HTTP/1.1" 200 1066 "http://srv0.pp.ua/" "Mozilla/5.0 (X11; Linux x86_64) AppleWebKit/537.36 (KHTML, like Gecko) Chrome/74.0.3694.0 Safari/537.36 Chrome-Lighthouse"
66.249.93.28 - - [29/Sep/2019:12:20:16 +0000] "GET /catalog/view/theme/theme726/fonts/OpenSans.woff HTTP/1.1" 200 67532 "http://srv0.pp.ua/catalog/view/theme/theme726/stylesheet/fonts.css" "Mozilla/5.0 (X11; Linux x86_64) AppleWebKit/537.36 (KHTML, like Gecko) Chrome/74.0.3694.0 Safari/537.36 Chrome-Lighthouse"
66.249.93.29 - - [29/Sep/2019:12:20:16 +0000] "GET /catalog/view/theme/theme726/fonts/Rubik-Regular.woff HTTP/1.1" 200 103864 "http://srv0.pp.ua/catalog/view/theme/theme726/stylesheet/fonts.css" "Mozilla/5.0 (X11; Linux x86_64) AppleWebKit/537.36 (KHTML, like Gecko) Chrome/74.0.3694.0 Safari/537.36 Chrome-Lighthouse"
66.249.93.29 - - [29/Sep/2019:12:20:16 +0000] "GET /catalog/view/theme/theme726/fonts/OpenSans-Bold.woff2 HTTP/1.1" 200 61256 "http://srv0.pp.ua/catalog/view/theme/theme726/stylesheet/fonts.css" "Mozilla/5.0 (X11; Linux x86_64) AppleWebKit/537.36 (KHTML, like Gecko) Chrome/74.0.3694.0 Safari/537.36 Chrome-Lighthouse"
66.249.93.29 - - [29/Sep/2019:12:20:16 +0000] "GET /catalog/view/theme/theme726/fonts/fl-outicons.woff HTTP/1.1" 200 14216 "http://srv0.pp.ua/catalog/view/theme/theme726/stylesheet/fl-outicons.css" "Mozilla/5.0 (X11; Linux x86_64) AppleWebKit/537.36 (KHTML, like Gecko) Chrome/74.0.3694.0 Safari/537.36 Chrome-Lighthouse"
66.249.93.29 - - [29/Sep/2019:12:20:16 +0000] "GET /catalog/view/theme/theme726/fonts/Rubik-Light.woff HTTP/1.1" 200 100476 "http://srv0.pp.ua/catalog/view/theme/theme726/stylesheet/fonts.css" "Mozilla/5.0 (Linux; Android 6.0.1; Nexus 5 Build/MRA58N) AppleWebKit/537.36 (KHTML, like Gecko) Chrome/74.0.3694.0 Mobile Safari/537.36 Chrome-Lighthouse"
66.249.93.28 - - [29/Sep/2019:12:20:16 +0000] "GET /catalog/view/javascript/font-awesome/fonts/fontawesome-webfont.woff2?v=4.4.0 HTTP/1.1" 200 64464 "http://srv0.pp.ua/catalog/view/javascript/font-awesome/css/font-awesome.min.css" "Mozilla/5.0 (X11; Linux x86_64) AppleWebKit/537.36 (KHTML, like Gecko) Chrome/74.0.3694.0 Safari/537.36 Chrome-Lighthouse"
66.249.93.30 - - [29/Sep/2019:12:20:16 +0000] "GET /catalog/view/javascript/font-awesome/fonts/fontawesome-webfont.woff2?v=4.4.0 HTTP/1.1" 200 64464 "http://srv0.pp.ua/catalog/view/javascript/font-awesome/css/font-awesome.min.css" "Mozilla/5.0 (Linux; Android 6.0.1; Nexus 5 Build/MRA58N) AppleWebKit/537.36 (KHTML, like Gecko) Chrome/74.0.3694.0 Mobile Safari/537.36 Chrome-Lighthouse"
66.249.93.29 - - [29/Sep/2019:12:20:16 +0000] "GET /catalog/view/theme/theme726/fonts/Rubik-Medium.woff HTTP/1.1" 200 100784 "http://srv0.pp.ua/catalog/view/theme/theme726/stylesheet/fonts.css" "Mozilla/5.0 (X11; Linux x86_64) AppleWebKit/537.36 (KHTML, like Gecko) Chrome/74.0.3694.0 Safari/537.36 Chrome-Lighthouse"
66.249.93.30 - - [29/Sep/2019:12:20:16 +0000] "GET /catalog/view/theme/theme726/fonts/Rubik-Light.woff HTTP/1.1" 200 100476 "http://srv0.pp.ua/catalog/view/theme/theme726/stylesheet/fonts.css" "Mozilla/5.0 (X11; Linux x86_64) AppleWebKit/537.36 (KHTML, like Gecko) Chrome/74.0.3694.0 Safari/537.36 Chrome-Lighthouse"
66.249.93.30 - - [29/Sep/2019:12:20:16 +0000] "GET /catalog/view/theme/theme726/fonts/Rubik-Bold.woff HTTP/1.1" 200 101028 "http://srv0.pp.ua/catalog/view/theme/theme726/stylesheet/fonts.css" "Mozilla/5.0 (Linux; Android 6.0.1; Nexus 5 Build/MRA58N) AppleWebKit/537.36 (KHTML, like Gecko) Chrome/74.0.3694.0 Mobile Safari/537.36 Chrome-Lighthouse"
66.249.93.30 - - [29/Sep/2019:12:20:17 +0000] "GET /catalog/view/theme/theme726/fonts/Rubik-Bold.woff HTTP/1.1" 200 101028 "http://srv0.pp.ua/catalog/view/theme/theme726/stylesheet/fonts.css" "Mozilla/5.0 (X11; Linux x86_64) AppleWebKit/537.36 (KHTML, like Gecko) Chrome/74.0.3694.0 Safari/537.36 Chrome-Lighthouse"
66.249.93.29 - - [29/Sep/2019:12:20:17 +0000] "GET /catalog/view/theme/theme726/fonts/material-design.woff HTTP/1.1" 200 24032 "http://srv0.pp.ua/catalog/view/theme/theme726/stylesheet/material-design.css" "Mozilla/5.0 (X11; Linux x86_64) AppleWebKit/537.36 (KHTML, like Gecko) Chrome/74.0.3694.0 Safari/537.36 Chrome-Lighthouse"
66.249.93.28 - - [29/Sep/2019:12:20:17 +0000] "GET /image/no_photo.png HTTP/1.1" 200 5362 "http://srv0.pp.ua/catalog/view/theme/theme726/stylesheet/stylesheet.css?v=%271568716793" "Mozilla/5.0 (Linux; Android 6.0.1; Nexus 5 Build/MRA58N) AppleWebKit/537.36 (KHTML, like Gecko) Chrome/74.0.3694.0 Mobile Safari/537.36 Chrome-Lighthouse"
66.249.93.29 - - [29/Sep/2019:12:20:17 +0000] "GET /index.php?route=common/telephone/getMask HTTP/1.1" 200 35 "http://srv0.pp.ua/" "Mozilla/5.0 (Linux; Android 6.0.1; Nexus 5 Build/MRA58N) AppleWebKit/537.36 (KHTML, like Gecko) Chrome/74.0.3694.0 Mobile Safari/537.36 Chrome-Lighthouse"
66.249.93.28 - - [29/Sep/2019:12:20:17 +0000] "GET /catalog/view/theme/theme726/fonts/Rubik-Medium.woff HTTP/1.1" 200 100784 "http://srv0.pp.ua/catalog/view/theme/theme726/stylesheet/fonts.css" "Mozilla/5.0 (Linux; Android 6.0.1; Nexus 5 Build/MRA58N) AppleWebKit/537.36 (KHTML, like Gecko) Chrome/74.0.3694.0 Mobile Safari/537.36 Chrome-Lighthouse"
66.249.93.28 - - [29/Sep/2019:12:20:17 +0000] "GET /image/no_photo.png HTTP/1.1" 200 5362 "http://srv0.pp.ua/catalog/view/theme/theme726/stylesheet/stylesheet.css?v=%271568716793" "Mozilla/5.0 (X11; Linux x86_64) AppleWebKit/537.36 (KHTML, like Gecko) Chrome/74.0.3694.0 Safari/537.36 Chrome-Lighthouse"
66.249.93.30 - - [29/Sep/2019:12:20:17 +0000] "GET /catalog/view/theme/theme726/fonts/Thin-Regular.woff?66413286 HTTP/1.1" 200 28796 "http://srv0.pp.ua/catalog/view/theme/theme726/stylesheet/thin.css" "Mozilla/5.0 (Linux; Android 6.0.1; Nexus 5 Build/MRA58N) AppleWebKit/537.36 (KHTML, like Gecko) Chrome/74.0.3694.0 Mobile Safari/537.36 Chrome-Lighthouse"
66.249.93.28 - - [29/Sep/2019:12:20:17 +0000] "GET /catalog/view/theme/theme726/fonts/OpenSans-Semibold.woff2 HTTP/1.1" 200 61392 "http://srv0.pp.ua/catalog/view/theme/theme726/stylesheet/fonts.css" "Mozilla/5.0 (Linux; Android 6.0.1; Nexus 5 Build/MRA58N) AppleWebKit/537.36 (KHTML, like Gecko) Chrome/74.0.3694.0 Mobile Safari/537.36 Chrome-Lighthouse"
66.249.93.28 - - [29/Sep/2019:12:20:17 +0000] "GET /catalog/view/theme/theme726/image/quick_view_preloader.gif HTTP/1.1" 200 28496 "http://srv0.pp.ua/catalog/view/theme/theme726/stylesheet/stylesheet.css?v=%271568716793" "Mozilla/5.0 (Linux; Android 6.0.1; Nexus 5 Build/MRA58N) AppleWebKit/537.36 (KHTML, like Gecko) Chrome/74.0.3694.0 Mobile Safari/537.36 Chrome-Lighthouse"
66.249.93.29 - - [29/Sep/2019:12:20:17 +0000] "GET /catalog/view/theme/theme726/image/quick_view_preloader.gif HTTP/1.1" 200 28496 "http://srv0.pp.ua/catalog/view/theme/theme726/stylesheet/stylesheet.css?v=%271568716793" "Mozilla/5.0 (X11; Linux x86_64) AppleWebKit/537.36 (KHTML, like Gecko) Chrome/74.0.3694.0 Safari/537.36 Chrome-Lighthouse"
66.249.93.30 - - [29/Sep/2019:12:20:17 +0000] "GET /catalog/view/theme/theme726/js/jquery.unveil.min.js HTTP/1.1" 200 590 "http://srv0.pp.ua/" "Mozilla/5.0 (Linux; Android 6.0.1; Nexus 5 Build/MRA58N) AppleWebKit/537.36 (KHTML, like Gecko) Chrome/74.0.3694.0 Mobile Safari/537.36 Chrome-Lighthouse"
66.249.93.30 - - [29/Sep/2019:12:20:17 +0000] "GET /catalog/view/theme/theme726/fonts/Thin-Regular.woff?66413286 HTTP/1.1" 200 28796 "http://srv0.pp.ua/catalog/view/theme/theme726/stylesheet/thin.css" "Mozilla/5.0 (X11; Linux x86_64) AppleWebKit/537.36 (KHTML, like Gecko) Chrome/74.0.3694.0 Safari/537.36 Chrome-Lighthouse"
66.249.93.29 - - [29/Sep/2019:12:20:17 +0000] "GET /catalog/view/theme/theme726/js/jquery.matchHeight.js HTTP/1.1" 200 10571 "http://srv0.pp.ua/" "Mozilla/5.0 (Linux; Android 6.0.1; Nexus 5 Build/MRA58N) AppleWebKit/537.36 (KHTML, like Gecko) Chrome/74.0.3694.0 Mobile Safari/537.36 Chrome-Lighthouse"
66.249.93.28 - - [29/Sep/2019:12:20:17 +0000] "GET /catalog/view/theme/theme726/fonts/OpenSans-Semibold.woff2 HTTP/1.1" 200 61392 "http://srv0.pp.ua/catalog/view/theme/theme726/stylesheet/fonts.css" "Mozilla/5.0 (X11; Linux x86_64) AppleWebKit/537.36 (KHTML, like Gecko) Chrome/74.0.3694.0 Safari/537.36 Chrome-Lighthouse"
66.249.93.29 - - [29/Sep/2019:12:20:17 +0000] "GET /catalog/view/theme/theme726/js/jquery.easing.1.3.js HTTP/1.1" 200 3322 "http://srv0.pp.ua/" "Mozilla/5.0 (Linux; Android 6.0.1; Nexus 5 Build/MRA58N) AppleWebKit/537.36 (KHTML, like Gecko) Chrome/74.0.3694.0 Mobile Safari/537.36 Chrome-Lighthouse"
66.249.93.29 - - [29/Sep/2019:12:20:17 +0000] "GET /catalog/view/theme/theme726/js/jquery.selectbox-0.2.min.js HTTP/1.1" 200 11905 "http://srv0.pp.ua/" "Mozilla/5.0 (Linux; Android 6.0.1; Nexus 5 Build/MRA58N) AppleWebKit/537.36 (KHTML, like Gecko) Chrome/74.0.3694.0 Mobile Safari/537.36 Chrome-Lighthouse"
66.249.93.30 - - [29/Sep/2019:12:20:18 +0000] "GET /catalog/view/theme/theme726/js/jquery.unveil.min.js HTTP/1.1" 200 590 "http://srv0.pp.ua/" "Mozilla/5.0 (X11; Linux x86_64) AppleWebKit/537.36 (KHTML, like Gecko) Chrome/74.0.3694.0 Safari/537.36 Chrome-Lighthouse"
66.249.93.28 - - [29/Sep/2019:12:20:18 +0000] "GET /catalog/view/theme/theme726/js/jquery.easing.1.3.js HTTP/1.1" 200 3322 "http://srv0.pp.ua/" "Mozilla/5.0 (X11; Linux x86_64) AppleWebKit/537.36 (KHTML, like Gecko) Chrome/74.0.3694.0 Safari/537.36 Chrome-Lighthouse"
66.249.93.29 - - [29/Sep/2019:12:20:18 +0000] "GET /catalog/view/theme/theme726/js/jquery.matchHeight.js HTTP/1.1" 200 10571 "http://srv0.pp.ua/" "Mozilla/5.0 (X11; Linux x86_64) AppleWebKit/537.36 (KHTML, like Gecko) Chrome/74.0.3694.0 Safari/537.36 Chrome-Lighthouse"
66.249.93.29 - - [29/Sep/2019:12:20:18 +0000] "GET /catalog/view/theme/theme726/js/jquery.ui.totop.min.js HTTP/1.1" 200 677 "http://srv0.pp.ua/" "Mozilla/5.0 (X11; Linux x86_64) AppleWebKit/537.36 (KHTML, like Gecko) Chrome/74.0.3694.0 Safari/537.36 Chrome-Lighthouse"
66.249.93.30 - - [29/Sep/2019:12:20:18 +0000] "GET /catalog/view/theme/theme726/js/jquery.selectbox-0.2.min.js HTTP/1.1" 200 11905 "http://srv0.pp.ua/" "Mozilla/5.0 (X11; Linux x86_64) AppleWebKit/537.36 (KHTML, like Gecko) Chrome/74.0.3694.0 Safari/537.36 Chrome-Lighthouse"
66.249.93.28 - - [29/Sep/2019:12:20:18 +0000] "GET /catalog/view/theme/theme726/js/scrollfix.min.js HTTP/1.1" 200 2170 "http://srv0.pp.ua/" "Mozilla/5.0 (X11; Linux x86_64) AppleWebKit/537.36 (KHTML, like Gecko) Chrome/74.0.3694.0 Safari/537.36 Chrome-Lighthouse"
66.249.93.30 - - [29/Sep/2019:12:20:18 +0000] "GET /image/cache/catalog/TAB_TP/1245/IMG_20190912_144101-255x220.jpg HTTP/1.1" 200 6620 "http://srv0.pp.ua/" "Mozilla/5.0 (X11; Linux x86_64) AppleWebKit/537.36 (KHTML, like Gecko) Chrome/74.0.3694.0 Safari/537.36 Chrome-Lighthouse"
66.249.93.30 - - [29/Sep/2019:12:20:18 +0000] "GET /image/cache/catalog/TAB_TP/1244/IMG_20190912_175958-255x220.jpg HTTP/1.1" 200 7040 "http://srv0.pp.ua/" "Mozilla/5.0 (X11; Linux x86_64) AppleWebKit/537.36 (KHTML, like Gecko) Chrome/74.0.3694.0 Safari/537.36 Chrome-Lighthouse"
66.249.93.29 - - [29/Sep/2019:12:20:18 +0000] "GET /image/cache/catalog/TAB_TP/1245/IMG_20190912_144055-255x220.jpg HTTP/1.1" 200 6616 "http://srv0.pp.ua/" "Mozilla/5.0 (X11; Linux x86_64) AppleWebKit/537.36 (KHTML, like Gecko) Chrome/74.0.3694.0 Safari/537.36 Chrome-Lighthouse"
66.249.93.29 - - [29/Sep/2019:12:20:18 +0000] "GET /image/cache/catalog/TAB_TP/1244/IMG_20190912_175952-255x220.jpg HTTP/1.1" 200 8116 "http://srv0.pp.ua/" "Mozilla/5.0 (X11; Linux x86_64) AppleWebKit/537.36 (KHTML, like Gecko) Chrome/74.0.3694.0 Safari/537.36 Chrome-Lighthouse"
66.249.93.30 - - [29/Sep/2019:12:20:18 +0000] "GET /image/cache/catalog/TAB_TP/1209/IMG_20190911_103655-255x220.jpg HTTP/1.1" 200 6762 "http://srv0.pp.ua/" "Mozilla/5.0 (X11; Linux x86_64) AppleWebKit/537.36 (KHTML, like Gecko) Chrome/74.0.3694.0 Safari/537.36 Chrome-Lighthouse"
66.249.93.29 - - [29/Sep/2019:12:20:18 +0000] "GET /image/cache/catalog/TAB_TP/1227/IMG_20190911_104201-255x220.jpg HTTP/1.1" 200 6325 "http://srv0.pp.ua/" "Mozilla/5.0 (X11; Linux x86_64) AppleWebKit/537.36 (KHTML, like Gecko) Chrome/74.0.3694.0 Safari/537.36 Chrome-Lighthouse"
66.249.93.28 - - [29/Sep/2019:12:20:18 +0000] "GET /image/cache/catalog/TAB_TP/1209/IMG_20190911_103702-255x220.jpg HTTP/1.1" 200 7320 "http://srv0.pp.ua/" "Mozilla/5.0 (X11; Linux x86_64) AppleWebKit/537.36 (KHTML, like Gecko) Chrome/74.0.3694.0 Safari/537.36 Chrome-Lighthouse"
66.249.93.30 - - [29/Sep/2019:12:20:18 +0000] "GET /image/cache/catalog/TAB_TP/1227/IMG_20190911_104211-255x220.jpg HTTP/1.1" 200 6651 "http://srv0.pp.ua/" "Mozilla/5.0 (X11; Linux x86_64) AppleWebKit/537.36 (KHTML, like Gecko) Chrome/74.0.3694.0 Safari/537.36 Chrome-Lighthouse"
66.249.93.28 - - [29/Sep/2019:12:20:18 +0000] "GET /image/cache/catalog/TAB_TP/1215/IMG_20190911_103831-255x220.jpg HTTP/1.1" 200 7714 "http://srv0.pp.ua/" "Mozilla/5.0 (X11; Linux x86_64) AppleWebKit/537.36 (KHTML, like Gecko) Chrome/74.0.3694.0 Safari/537.36 Chrome-Lighthouse"
66.249.93.30 - - [29/Sep/2019:12:20:18 +0000] "GET /image/cache/catalog/TAB_TP/1215/IMG_20190911_103836-255x220.jpg HTTP/1.1" 200 6931 "http://srv0.pp.ua/" "Mozilla/5.0 (X11; Linux x86_64) AppleWebKit/537.36 (KHTML, like Gecko) Chrome/74.0.3694.0 Safari/537.36 Chrome-Lighthouse"
